Processing ./codex_stages/forgeguard-v0.5.0-release-20260911/artifacts/forgeguard-0.5.0-py3-none-any.whl
Requirement already satisfied: httpx<1,>=0.27 in /tmp/iw/lib/python3.12/site-packages (from forgeguard==0.5.0) (0.28.1)
Requirement already satisfied: pydantic<3,>=2 in /tmp/iw/lib/python3.12/site-packages (from forgeguard==0.5.0) (2.13.5)
Requirement already satisfied: typer<1,>=0.12 in /tmp/iw/lib/python3.12/site-packages (from forgeguard==0.5.0) (0.27.2)
Requirement already satisfied: anyio in /tmp/iw/lib/python3.12/site-packages (from httpx<1,>=0.27->forgeguard==0.5.0) (4.15.1)
Requirement already satisfied: certifi in /tmp/iw/lib/python3.12/site-packages (from httpx<1,>=0.27->forgeguard==0.5.0) (2026.7.22)
Requirement already satisfied: httpcore==1.* in /tmp/iw/lib/python3.12/site-packages (from httpx<1,>=0.27->forgeguard==0.5.0) (1.0.9)
Requirement already satisfied: idna in /tmp/iw/lib/python3.12/site-packages (from httpx<1,>=0.27->forgeguard==0.5.0) (3.19)
Requirement already satisfied: h11>=0.16 in /tmp/iw/lib/python3.12/site-packages (from httpcore==1.*->httpx<1,>=0.27->forgeguard==0.5.0) (0.16.0)
Requirement already satisfied: annotated-types>=0.6.0 in /tmp/iw/lib/python3.12/site-packages (from pydantic<3,>=2->forgeguard==0.5.0) (0.8.0)
Requirement already satisfied: pydantic-core==2.46.5 in /tmp/iw/lib/python3.12/site-packages (from pydantic<3,>=2->forgeguard==0.5.0) (2.46.5)
Requirement already satisfied: typing-extensions>=4.14.1 in /tmp/iw/lib/python3.12/site-packages (from pydantic<3,>=2->forgeguard==0.5.0) (4.16.0)
Requirement already satisfied: typing-inspection>=0.4.2 in /tmp/iw/lib/python3.12/site-packages (from pydantic<3,>=2->forgeguard==0.5.0) (0.4.4)
Requirement already satisfied: shellingham>=1.3.0 in /tmp/iw/lib/python3.12/site-packages (from typer<1,>=0.12->forgeguard==0.5.0) (1.5.4)
Requirement already satisfied: rich>=13.8.0 in /tmp/iw/lib/python3.12/site-packages (from typer<1,>=0.12->forgeguard==0.5.0) (15.0.0)
Requirement already satisfied: annotated-doc>=0.0.2 in /tmp/iw/lib/python3.12/site-packages (from typer<1,>=0.12->forgeguard==0.5.0) (0.0.5)
Requirement already satisfied: markdown-it-py>=2.2.0 in /tmp/iw/lib/python3.12/site-packages (from rich>=13.8.0->typer<1,>=0.12->forgeguard==0.5.0) (4.2.0)
Requirement already satisfied: pygments<3.0.0,>=2.13.0 in /tmp/iw/lib/python3.12/site-packages (from rich>=13.8.0->typer<1,>=0.12->forgeguard==0.5.0) (2.21.0)
Requirement already satisfied: mdurl~=0.1 in /tmp/iw/lib/python3.12/site-packages (from markdown-it-py>=2.2.0->rich>=13.8.0->typer<1,>=0.12->forgeguard==0.5.0) (0.1.2)
Installing collected packages: forgeguard
  Attempting uninstall: forgeguard
    Found existing installation: forgeguard 0.5.0rc4
    Uninstalling forgeguard-0.5.0rc4:
      Successfully uninstalled forgeguard-0.5.0rc4
Successfully installed forgeguard-0.5.0

[notice] A new release of pip is available: 25.0.1 -> 26.2.1
[notice] To update, run: python3.12 -m pip install --upgrade pip
wheel_exit=0
0.5.0
