Processing ./dist/forgeguard-0.6.0.tar.gz
  Installing build dependencies: started
  Installing build dependencies: finished with status 'done'
  Getting requirements to build wheel: started
  Getting requirements to build wheel: finished with status 'done'
  Preparing metadata (pyproject.toml): started
  Preparing metadata (pyproject.toml): finished with status 'done'
Collecting httpx<1,>=0.27 (from forgeguard==0.6.0)
  Using cached httpx-0.28.1-py3-none-any.whl.metadata (7.1 kB)
Collecting pydantic<3,>=2 (from forgeguard==0.6.0)
  Using cached pydantic-2.13.5-py3-none-any.whl.metadata (110 kB)
Collecting typer<1,>=0.12 (from forgeguard==0.6.0)
  Using cached typer-0.27.2-py3-none-any.whl.metadata (16 kB)
Collecting anyio (from httpx<1,>=0.27->forgeguard==0.6.0)
  Using cached anyio-4.15.1-py3-none-any.whl.metadata (4.7 kB)
Collecting certifi (from httpx<1,>=0.27->forgeguard==0.6.0)
  Using cached certifi-2026.7.22-py3-none-any.whl.metadata (2.5 kB)
Collecting httpcore==1.* (from httpx<1,>=0.27->forgeguard==0.6.0)
  Using cached httpcore-1.0.9-py3-none-any.whl.metadata (21 kB)
Collecting idna (from httpx<1,>=0.27->forgeguard==0.6.0)
  Using cached idna-3.19-py3-none-any.whl.metadata (9.2 kB)
Collecting h11>=0.16 (from httpcore==1.*->httpx<1,>=0.27->forgeguard==0.6.0)
  Using cached h11-0.16.0-py3-none-any.whl.metadata (8.3 kB)
Collecting annotated-types>=0.6.0 (from pydantic<3,>=2->forgeguard==0.6.0)
  Using cached annotated_types-0.8.0-py3-none-any.whl.metadata (15 kB)
Collecting pydantic-core==2.46.5 (from pydantic<3,>=2->forgeguard==0.6.0)
  Using cached pydantic_core-2.46.5-cp312-cp312-manylinux_2_17_x86_64.manylinux2014_x86_64.whl.metadata (6.6 kB)
Collecting typing-extensions>=4.14.1 (from pydantic<3,>=2->forgeguard==0.6.0)
  Using cached typing_extensions-4.16.0-py3-none-any.whl.metadata (3.3 kB)
Collecting typing-inspection>=0.4.2 (from pydantic<3,>=2->forgeguard==0.6.0)
  Using cached typing_inspection-0.4.4-py3-none-any.whl.metadata (2.6 kB)
Collecting shellingham>=1.3.0 (from typer<1,>=0.12->forgeguard==0.6.0)
  Using cached shellingham-1.5.4-py2.py3-none-any.whl.metadata (3.5 kB)
Collecting rich>=13.8.0 (from typer<1,>=0.12->forgeguard==0.6.0)
  Using cached rich-15.0.0-py3-none-any.whl.metadata (18 kB)
Collecting annotated-doc>=0.0.2 (from typer<1,>=0.12->forgeguard==0.6.0)
  Using cached annotated_doc-0.0.5-py3-none-any.whl.metadata (6.5 kB)
Collecting markdown-it-py>=2.2.0 (from rich>=13.8.0->typer<1,>=0.12->forgeguard==0.6.0)
  Using cached markdown_it_py-4.2.0-py3-none-any.whl.metadata (7.4 kB)
Collecting pygments<3.0.0,>=2.13.0 (from rich>=13.8.0->typer<1,>=0.12->forgeguard==0.6.0)
  Using cached pygments-2.21.0-py3-none-any.whl.metadata (2.5 kB)
Collecting mdurl~=0.1 (from markdown-it-py>=2.2.0->rich>=13.8.0->typer<1,>=0.12->forgeguard==0.6.0)
  Using cached mdurl-0.1.2-py3-none-any.whl.metadata (1.6 kB)
Using cached httpx-0.28.1-py3-none-any.whl (73 kB)
Using cached httpcore-1.0.9-py3-none-any.whl (78 kB)
Using cached pydantic-2.13.5-py3-none-any.whl (472 kB)
Using cached pydantic_core-2.46.5-cp312-cp312-manylinux_2_17_x86_64.manylinux2014_x86_64.whl (2.1 MB)
Using cached typer-0.27.2-py3-none-any.whl (123 kB)
Using cached annotated_doc-0.0.5-py3-none-any.whl (5.3 kB)
Using cached annotated_types-0.8.0-py3-none-any.whl (13 kB)
Using cached h11-0.16.0-py3-none-any.whl (37 kB)
Using cached rich-15.0.0-py3-none-any.whl (310 kB)
Using cached pygments-2.21.0-py3-none-any.whl (1.3 MB)
Using cached markdown_it_py-4.2.0-py3-none-any.whl (91 kB)
Using cached mdurl-0.1.2-py3-none-any.whl (10.0 kB)
Using cached shellingham-1.5.4-py2.py3-none-any.whl (9.8 kB)
Using cached typing_extensions-4.16.0-py3-none-any.whl (45 kB)
Using cached typing_inspection-0.4.4-py3-none-any.whl (14 kB)
Using cached anyio-4.15.1-py3-none-any.whl (132 kB)
Using cached idna-3.19-py3-none-any.whl (68 kB)
Using cached certifi-2026.7.22-py3-none-any.whl (136 kB)
Building wheels for collected packages: forgeguard
  Building wheel for forgeguard (pyproject.toml): started
  Building wheel for forgeguard (pyproject.toml): finished with status 'done'
  Created wheel for forgeguard: filename=forgeguard-0.6.0-py3-none-any.whl size=69761 sha256=3f2d8a55fb80853e8d8177fca678d2fe3f7724f9e227907a955e05b105cfeae5
  Stored in directory: /root/.cache/pip/wheels/62/e4/16/e3c8b693563ff66fdbf85a5e25a0e7fe14ce0ac71c493811a6
Successfully built forgeguard
Installing collected packages: typing-extensions, shellingham, pygments, mdurl, idna, h11, certifi, annotated-types, annotated-doc, typing-inspection, pydantic-core, markdown-it-py, httpcore, anyio, rich, pydantic, httpx, typer, forgeguard

Successfully installed annotated-doc-0.0.5 annotated-types-0.8.0 anyio-4.15.1 certifi-2026.7.22 forgeguard-0.6.0 h11-0.16.0 httpcore-1.0.9 httpx-0.28.1 idna-3.19 markdown-it-py-4.2.0 mdurl-0.1.2 pydantic-2.13.5 pydantic-core-2.46.5 pygments-2.21.0 rich-15.0.0 shellingham-1.5.4 typer-0.27.2 typing-extensions-4.16.0 typing-inspection-0.4.4
0.6.0
